// Jest Snapshot v1, https://goo.gl/fbAQLP

exports[`Keywords get controller: GET /keywords should return all the project and job keywords by default 1`] = `
Object {
  "data": Array [
    "nextjs",
    "node",
    "react",
    "aws",
    "akamai",
    "docker",
    "kubernetes",
    "cypress",
    "github",
    "leadership",
    "redis",
    "mysql",
    "ci/cd",
    "management",
    "vue",
    "vue3",
    "pinia",
    "typescript",
    "nuxt",
    "next",
    "jest",
    "testing library",
    "playwright",
    "angular",
    "vite",
    "socketio",
    "mongodb",
    "cloudflare",
    "learning",
    "vue2",
    "vuex",
    "SOLID",
    "lidership",
    "nightwatch",
    "testing nodejs",
    "scrum",
    "php",
    "jquery",
    "nodejs",
    "angularjs",
    "npm",
    "ci",
    "socketIO",
    "javascript",
    "library",
    "components",
    "tailwindcss",
    "preact",
    "vitejs",
    "tools",
    "api",
    "github actions",
    "developers",
    "svelte",
    "cv",
    "landing",
  ],
}
`;
