// Jest Snapshot v1, https://goo.gl/fbAQLP

exports[`Keywords get controller: GET /keywords should return all the project and job keywords by default 1`] = `
Object {
  "data": Array [
    "vue2",
    "vue3",
    "vuex",
    "nuxt",
    "jest",
    "testing library",
    "playwright",
    "cypress",
    "SOLID",
    "cloudflare",
    "mentoring",
    "consulting",
    "react",
    "vue",
    "angular",
    "nodejs",
    "docker",
    "infrastructure",
    "side projects",
    "entrepreneurship",
    "socketIO",
    "typescript",
    "vitejs",
    "lidership",
    "nightwatch",
    "testing nodejs",
    "scrum",
    "management",
    "php",
    "jquery",
    "angularjs",
    "npm",
    "ci",
    "javascript",
    "library",
    "components",
    "tailwindcss",
    "preact",
    "tools",
    "api",
    "nextjs",
    "pinia",
    "github actions",
    "developers",
    "svelte",
    "cv",
    "landing",
  ],
}
`;
